adcgo: GOMEMLIMIT auto-set to 170 GiB (85% of the 200 GiB cgroup cap) to keep RSS under the SLURM --mem limit

 ADCgo: a modern implementation of ADC 
 Authors: Leia Wertebach, Alexander Kuleff 

 Derived from: 
 TheADCcode: A collection of ADC/ISR source codes.
 Contributors: Nikolay Golubev,
 Yasen Velkov (developer of the original version),
 Alexander Kuleff,
 Anthony Dutoi, Nicolas Sisourat, Tsveta Miteva,
 Joerg Breidbach, Imke Mueller, Nayana Vaval,
 Francesco Tarantelli, Soeren Kopelke,
 Sajeev Yesodharan, Kirill Gokhberg, Robin Santra


adcgo: sip sym=0 assemble ADC(2,2)f: n=7369 (main=2 2h1p=166 3h2p=7201)
adcgo: sip sym=0 assemble: 1h/1h main block (2×2) ...
adcgo: sip sym=0 main block: cached to /gpfs/bwfor/home/hd/hd_hd/hd_hh323/ADCgo/examples/ADC22_H2O/h2o_apvdz.fcidump.mainblock.o22.i0.cache
adcgo: sip sym=0 assemble: 1h/1h main block (2×2) done in 0s
adcgo: sip sym=0 assemble: 1h/2h1p coupling (2×166) ...
adcgo: sip sym=0 assemble: 1h/2h1p coupling (2×166) done in 0s
adcgo: sip sym=0 assemble: 2h1p/2h1p block (166×166) ...
adcgo: sip sym=0 assemble: 2h1p/2h1p block (166×166) done in 0s
adcgo: sip sym=0 assemble: 2h1p/3h2p coupling, dense (166×7201) ...
adcgo: sip sym=0 assemble: 2h1p/3h2p coupling, dense (166×7201) done in 1s
adcgo: sip sym=0 assemble: 3h2p/3h2p block, dense (7201×7201) ...
adcgo: sip sym=0 assemble: 3h2p/3h2p block, dense (7201×7201) done in 39s
adcgo: sip sym=0 assemble complete in 40s; entering the solver
adcgo: sip sym=2 assemble ADC(2,2)f: n=7190 (main=1 2h1p=134 3h2p=7055)
adcgo: sip sym=2 assemble: 1h/1h main block (1×1) ...
adcgo: sip sym=2 main block: cached to /gpfs/bwfor/home/hd/hd_hd/hd_hh323/ADCgo/examples/ADC22_H2O/h2o_apvdz.fcidump.mainblock.o22.i2.cache
adcgo: sip sym=2 assemble: 1h/1h main block (1×1) done in 0s
adcgo: sip sym=2 assemble: 1h/2h1p coupling (1×134) ...
adcgo: sip sym=2 assemble: 1h/2h1p coupling (1×134) done in 0s
adcgo: sip sym=2 assemble: 2h1p/2h1p block (134×134) ...
adcgo: sip sym=2 assemble: 2h1p/2h1p block (134×134) done in 0s
adcgo: sip sym=2 assemble: 2h1p/3h2p coupling, dense (134×7055) ...
adcgo: sip sym=2 assemble: 2h1p/3h2p coupling, dense (134×7055) done in 0s
adcgo: sip sym=2 assemble: 3h2p/3h2p block, dense (7055×7055) ...
adcgo: sip sym=2 assemble: 3h2p/3h2p block, dense (7055×7055) done in 39s
adcgo: sip sym=2 assemble complete in 40s; entering the solver
adcgo: sip sym=3 assemble ADC(2,2)f: n=7320 (main=1 2h1p=154 3h2p=7165)
adcgo: sip sym=3 assemble: 1h/1h main block (1×1) ...
adcgo: sip sym=3 main block: cached to /gpfs/bwfor/home/hd/hd_hd/hd_hh323/ADCgo/examples/ADC22_H2O/h2o_apvdz.fcidump.mainblock.o22.i3.cache
adcgo: sip sym=3 assemble: 1h/1h main block (1×1) done in 0s
adcgo: sip sym=3 assemble: 1h/2h1p coupling (1×154) ...
adcgo: sip sym=3 assemble: 1h/2h1p coupling (1×154) done in 0s
adcgo: sip sym=3 assemble: 2h1p/2h1p block (154×154) ...
adcgo: sip sym=3 assemble: 2h1p/2h1p block (154×154) done in 0s
adcgo: sip sym=3 assemble: 2h1p/3h2p coupling, dense (154×7165) ...
adcgo: sip sym=3 assemble: 2h1p/3h2p coupling, dense (154×7165) done in 0s
adcgo: sip sym=3 assemble: 3h2p/3h2p block, dense (7165×7165) ...
adcgo: sip sym=3 assemble: 3h2p/3h2p block, dense (7165×7165) done in 34s
adcgo: sip sym=3 assemble complete in 34s; entering the solver
