adcgo: GOMEMLIMIT auto-set to 170 GiB (85% of the 200 GiB cgroup cap) to keep RSS under the SLURM --mem limit

 ADCgo: a modern implementation of ADC 
 Authors: Leia Wertebach, Alexander Kuleff 

 Derived from: 
 TheADCcode: A collection of ADC/ISR source codes.
 Contributors: Nikolay Golubev,
 Yasen Velkov (developer of the original version),
 Alexander Kuleff,
 Anthony Dutoi, Nicolas Sisourat, Tsveta Miteva,
 Joerg Breidbach, Imke Mueller, Nayana Vaval,
 Francesco Tarantelli, Soeren Kopelke,
 Sajeev Yesodharan, Kirill Gokhberg, Robin Santra


adcgo: sip sym=0 assemble ADC(2,2)f: n=17987 (main=3 2h1p=303 3h2p=17681)
adcgo: sip sym=0 assemble: 1h/1h main block (3×3) ...
adcgo: sip sym=0 main block: cached to /gpfs/bwfor/home/hd/hd_hd/hd_hh323/ADCgo/examples/ADC22_TableIV/n2/n2.fcidump.mainblock.o22.i0.cache
adcgo: sip sym=0 assemble: 1h/1h main block (3×3) done in 0s
adcgo: sip sym=0 assemble: 1h/2h1p coupling (3×303) ...
adcgo: sip sym=0 assemble: 1h/2h1p coupling (3×303) done in 0s
adcgo: sip sym=0 assemble: 2h1p/2h1p block (303×303) ...
adcgo: sip sym=0 assemble: 2h1p/2h1p block (303×303) done in 0s
adcgo: sip sym=0 assemble: 2h1p/3h2p coupling, dense (303×17681) ...
adcgo: sip sym=0 assemble: 2h1p/3h2p coupling, dense (303×17681) done in 3s
adcgo: sip sym=0 assemble: 3h2p/3h2p block, dense (17681×17681) ...
adcgo: sip sym=0 assemble: 3h2p/3h2p block, dense (17681×17681) done in 2m52s
adcgo: sip sym=0 assemble complete in 2m55s; entering the solver
adcgo: sip sym=2 assemble ADC(2,2)f: n=17299 (main=1 2h1p=243 3h2p=17055)
adcgo: sip sym=2 assemble: 1h/1h main block (1×1) ...
adcgo: sip sym=2 main block: cached to /gpfs/bwfor/home/hd/hd_hd/hd_hh323/ADCgo/examples/ADC22_TableIV/n2/n2.fcidump.mainblock.o22.i2.cache
adcgo: sip sym=2 assemble: 1h/1h main block (1×1) done in 0s
adcgo: sip sym=2 assemble: 1h/2h1p coupling (1×243) ...
adcgo: sip sym=2 assemble: 1h/2h1p coupling (1×243) done in 0s
adcgo: sip sym=2 assemble: 2h1p/2h1p block (243×243) ...
adcgo: sip sym=2 assemble: 2h1p/2h1p block (243×243) done in 0s
adcgo: sip sym=2 assemble: 2h1p/3h2p coupling, dense (243×17055) ...
adcgo: sip sym=2 assemble: 2h1p/3h2p coupling, dense (243×17055) done in 2s
adcgo: sip sym=2 assemble: 3h2p/3h2p block, dense (17055×17055) ...
adcgo: sip sym=2 assemble: 3h2p/3h2p block, dense (17055×17055) done in 2m26s
adcgo: sip sym=2 assemble complete in 2m28s; entering the solver
adcgo: sip sym=3 assemble ADC(2,2)f: n=17299 (main=1 2h1p=243 3h2p=17055)
adcgo: sip sym=3 assemble: 1h/1h main block (1×1) ...
adcgo: sip sym=3 main block: cached to /gpfs/bwfor/home/hd/hd_hd/hd_hh323/ADCgo/examples/ADC22_TableIV/n2/n2.fcidump.mainblock.o22.i3.cache
adcgo: sip sym=3 assemble: 1h/1h main block (1×1) done in 0s
adcgo: sip sym=3 assemble: 1h/2h1p coupling (1×243) ...
adcgo: sip sym=3 assemble: 1h/2h1p coupling (1×243) done in 0s
adcgo: sip sym=3 assemble: 2h1p/2h1p block (243×243) ...
adcgo: sip sym=3 assemble: 2h1p/2h1p block (243×243) done in 0s
adcgo: sip sym=3 assemble: 2h1p/3h2p coupling, dense (243×17055) ...
adcgo: sip sym=3 assemble: 2h1p/3h2p coupling, dense (243×17055) done in 2s
adcgo: sip sym=3 assemble: 3h2p/3h2p block, dense (17055×17055) ...
adcgo: sip sym=3 assemble: 3h2p/3h2p block, dense (17055×17055) done in 2m27s
adcgo: sip sym=3 assemble complete in 2m29s; entering the solver
